.\venv\Scripts\python : 
Traceback (most recent 
call last):
At line:1 char:1
+ .\venv\Scripts\python 
-c "from sqlalchemy 
import create_engine; 
engin ...
+ ~~~~~~~~~~~~~~~~~~~~~~~~
~~~~~~~~~~~~~~~~~~~~~~~~~~
~~~~~~~~~~~~~~~~~~~
    + CategoryInfo        
      : NotSpecified: (T  
  raceback (most recent   
  call last)::String)     
[], RemoteException
    + FullyQualifiedError 
   Id : NativeCommandErr  
  or
 
  File "C:\Users\Paarth Ag
arwal\OneDrive\Desktop\Rea
l-Time Financial Risk and 
Fraud Detection System\bac
kend\venv\lib\site-package
s\sqlalchemy\engine\base.p
y", line 146, in __init__
    
self._dbapi_connection = 
engine.raw_connection()
  File "C:\Users\Paarth Ag
arwal\OneDrive\Desktop\Rea
l-Time Financial Risk and 
Fraud Detection System\bac
kend\venv\lib\site-package
s\sqlalchemy\engine\base.p
y", line 3302, in 
raw_connection
    return 
self.pool.connect()
  File "C:\Users\Paarth Ag
arwal\OneDrive\Desktop\Rea
l-Time Financial Risk and 
Fraud Detection System\bac
kend\venv\lib\site-package
s\sqlalchemy\pool\base.py"
, line 449, in connect
    return _ConnectionFair
y._checkout(self)
  File "C:\Users\Paarth Ag
arwal\OneDrive\Desktop\Rea
l-Time Financial Risk and 
Fraud Detection System\bac
kend\venv\lib\site-package
s\sqlalchemy\pool\base.py"
, line 1263, in _checkout
    fairy = _ConnectionRec
ord.checkout(pool)
  File "C:\Users\Paarth Ag
arwal\OneDrive\Desktop\Rea
l-Time Financial Risk and 
Fraud Detection System\bac
kend\venv\lib\site-package
s\sqlalchemy\pool\base.py"
, line 712, in checkout
    rec = pool._do_get()
  File "C:\Users\Paarth Ag
arwal\OneDrive\Desktop\Rea
l-Time Financial Risk and 
Fraud Detection System\bac
kend\venv\lib\site-package
s\sqlalchemy\pool\impl.py"
, line 180, in _do_get
    self._dec_overflow()
  File "C:\Users\Paarth Ag
arwal\OneDrive\Desktop\Rea
l-Time Financial Risk and 
Fraud Detection System\bac
kend\venv\lib\site-package
s\sqlalchemy\util\langhelp
ers.py", line 146, in 
__exit__
    raise exc_value.with_t
raceback(exc_tb)
  File "C:\Users\Paarth Ag
arwal\OneDrive\Desktop\Rea
l-Time Financial Risk and 
Fraud Detection System\bac
kend\venv\lib\site-package
s\sqlalchemy\pool\impl.py"
, line 177, in _do_get
    return 
self._create_connection()
  File "C:\Users\Paarth Ag
arwal\OneDrive\Desktop\Rea
l-Time Financial Risk and 
Fraud Detection System\bac
kend\venv\lib\site-package
s\sqlalchemy\pool\base.py"
, line 390, in 
_create_connection
    return 
_ConnectionRecord(self)
  File "C:\Users\Paarth Ag
arwal\OneDrive\Desktop\Rea
l-Time Financial Risk and 
Fraud Detection System\bac
kend\venv\lib\site-package
s\sqlalchemy\pool\base.py"
, line 674, in __init__
    self.__connect()
  File "C:\Users\Paarth Ag
arwal\OneDrive\Desktop\Rea
l-Time Financial Risk and 
Fraud Detection System\bac
kend\venv\lib\site-package
s\sqlalchemy\pool\base.py"
, line 901, in __connect
    
pool.logger.debug("Error 
on connect(): %s", e)
  File "C:\Users\Paarth Ag
arwal\OneDrive\Desktop\Rea
l-Time Financial Risk and 
Fraud Detection System\bac
kend\venv\lib\site-package
s\sqlalchemy\util\langhelp
ers.py", line 146, in 
__exit__
    raise exc_value.with_t
raceback(exc_tb)
  File "C:\Users\Paarth Ag
arwal\OneDrive\Desktop\Rea
l-Time Financial Risk and 
Fraud Detection System\bac
kend\venv\lib\site-package
s\sqlalchemy\pool\base.py"
, line 896, in __connect
    self.dbapi_connection 
= connection = 
pool._invoke_creator(self)
  File "C:\Users\Paarth Ag
arwal\OneDrive\Desktop\Rea
l-Time Financial Risk and 
Fraud Detection System\bac
kend\venv\lib\site-package
s\sqlalchemy\engine\create
.py", line 643, in connect
    return 
dialect.connect(*cargs, 
**cparams)
  File "C:\Users\Paarth Ag
arwal\OneDrive\Desktop\Rea
l-Time Financial Risk and 
Fraud Detection System\bac
kend\venv\lib\site-package
s\sqlalchemy\engine\defaul
t.py", line 621, in 
connect
    return self.loaded_dba
pi.connect(*cargs, 
**cparams)
  File "C:\Users\Paarth Ag
arwal\OneDrive\Desktop\Rea
l-Time Financial Risk and 
Fraud Detection System\bac
kend\venv\lib\site-package
s\psycopg2\__init__.py", 
line 122, in connect
    conn = _connect(dsn, c
onnection_factory=connecti
on_factory, **kwasync)
psycopg2.OperationalError:
 could not translate host 
name "db.uxvbqbqdhfepeazjh
ozr.supabase.co" to 
address: No such host is 
known. 


The above exception was 
the direct cause of the 
following exception:

Traceback (most recent 
call last):
  File "<string>", line 
1, in <module>
  File "C:\Users\Paarth Ag
arwal\OneDrive\Desktop\Rea
l-Time Financial Risk and 
Fraud Detection System\bac
kend\venv\lib\site-package
s\sqlalchemy\engine\base.p
y", line 3278, in connect
    return 
self._connection_cls(self)
  File "C:\Users\Paarth Ag
arwal\OneDrive\Desktop\Rea
l-Time Financial Risk and 
Fraud Detection System\bac
kend\venv\lib\site-package
s\sqlalchemy\engine\base.p
y", line 148, in __init__
    Connection._handle_dba
pi_exception_noconnection(
  File "C:\Users\Paarth Ag
arwal\OneDrive\Desktop\Rea
l-Time Financial Risk and 
Fraud Detection System\bac
kend\venv\lib\site-package
s\sqlalchemy\engine\base.p
y", line 2442, in _handle_
dbapi_exception_noconnecti
on
    raise sqlalchemy_excep
tion.with_traceback(exc_in
fo[2]) from e
  File "C:\Users\Paarth Ag
arwal\OneDrive\Desktop\Rea
l-Time Financial Risk and 
Fraud Detection System\bac
kend\venv\lib\site-package
s\sqlalchemy\engine\base.p
y", line 146, in __init__
    
self._dbapi_connection = 
engine.raw_connection()
  File "C:\Users\Paarth Ag
arwal\OneDrive\Desktop\Rea
l-Time Financial Risk and 
Fraud Detection System\bac
kend\venv\lib\site-package
s\sqlalchemy\engine\base.p
y", line 3302, in 
raw_connection
    return 
self.pool.connect()
  File "C:\Users\Paarth Ag
arwal\OneDrive\Desktop\Rea
l-Time Financial Risk and 
Fraud Detection System\bac
kend\venv\lib\site-package
s\sqlalchemy\pool\base.py"
, line 449, in connect
    return _ConnectionFair
y._checkout(self)
  File "C:\Users\Paarth Ag
arwal\OneDrive\Desktop\Rea
l-Time Financial Risk and 
Fraud Detection System\bac
kend\venv\lib\site-package
s\sqlalchemy\pool\base.py"
, line 1263, in _checkout
    fairy = _ConnectionRec
ord.checkout(pool)
  File "C:\Users\Paarth Ag
arwal\OneDrive\Desktop\Rea
l-Time Financial Risk and 
Fraud Detection System\bac
kend\venv\lib\site-package
s\sqlalchemy\pool\base.py"
, line 712, in checkout
    rec = pool._do_get()
  File "C:\Users\Paarth Ag
arwal\OneDrive\Desktop\Rea
l-Time Financial Risk and 
Fraud Detection System\bac
kend\venv\lib\site-package
s\sqlalchemy\pool\impl.py"
, line 180, in _do_get
    self._dec_overflow()
  File "C:\Users\Paarth Ag
arwal\OneDrive\Desktop\Rea
l-Time Financial Risk and 
Fraud Detection System\bac
kend\venv\lib\site-package
s\sqlalchemy\util\langhelp
ers.py", line 146, in 
__exit__
    raise exc_value.with_t
raceback(exc_tb)
  File "C:\Users\Paarth Ag
arwal\OneDrive\Desktop\Rea
l-Time Financial Risk and 
Fraud Detection System\bac
kend\venv\lib\site-package
s\sqlalchemy\pool\impl.py"
, line 177, in _do_get
    return 
self._create_connection()
  File "C:\Users\Paarth Ag
arwal\OneDrive\Desktop\Rea
l-Time Financial Risk and 
Fraud Detection System\bac
kend\venv\lib\site-package
s\sqlalchemy\pool\base.py"
, line 390, in 
_create_connection
    return 
_ConnectionRecord(self)
  File "C:\Users\Paarth Ag
arwal\OneDrive\Desktop\Rea
l-Time Financial Risk and 
Fraud Detection System\bac
kend\venv\lib\site-package
s\sqlalchemy\pool\base.py"
, line 674, in __init__
    self.__connect()
  File "C:\Users\Paarth Ag
arwal\OneDrive\Desktop\Rea
l-Time Financial Risk and 
Fraud Detection System\bac
kend\venv\lib\site-package
s\sqlalchemy\pool\base.py"
, line 901, in __connect
    
pool.logger.debug("Error 
on connect(): %s", e)
  File "C:\Users\Paarth Ag
arwal\OneDrive\Desktop\Rea
l-Time Financial Risk and 
Fraud Detection System\bac
kend\venv\lib\site-package
s\sqlalchemy\util\langhelp
ers.py", line 146, in 
__exit__
    raise exc_value.with_t
raceback(exc_tb)
  File "C:\Users\Paarth Ag
arwal\OneDrive\Desktop\Rea
l-Time Financial Risk and 
Fraud Detection System\bac
kend\venv\lib\site-package
s\sqlalchemy\pool\base.py"
, line 896, in __connect
    self.dbapi_connection 
= connection = 
pool._invoke_creator(self)
  File "C:\Users\Paarth Ag
arwal\OneDrive\Desktop\Rea
l-Time Financial Risk and 
Fraud Detection System\bac
kend\venv\lib\site-package
s\sqlalchemy\engine\create
.py", line 643, in connect
    return 
dialect.connect(*cargs, 
**cparams)
  File "C:\Users\Paarth Ag
arwal\OneDrive\Desktop\Rea
l-Time Financial Risk and 
Fraud Detection System\bac
kend\venv\lib\site-package
s\sqlalchemy\engine\defaul
t.py", line 621, in 
connect
    return self.loaded_dba
pi.connect(*cargs, 
**cparams)
  File "C:\Users\Paarth Ag
arwal\OneDrive\Desktop\Rea
l-Time Financial Risk and 
Fraud Detection System\bac
kend\venv\lib\site-package
s\psycopg2\__init__.py", 
line 122, in connect
    conn = _connect(dsn, c
onnection_factory=connecti
on_factory, **kwasync)
sqlalchemy.exc.Operational
Error: (psycopg2.Operation
alError) could not 
translate host name "db.ux
vbqbqdhfepeazjhozr.supabas
e.co" to address: No such 
host is known. 

(Background on this error 
at: https://sqlalche.me/e/
20/e3q8)
